
> staffai-web@0.1.0 build
> next build

Γû▓ Next.js 16.1.6 (Turbopack)
- Environments: .env.local

  Creating an optimized production build ...
Γ£ô Compiled successfully in 10.9s
  Running TypeScript ...
  Collecting page data using 3 workers ...
  Generating static pages using 3 workers (0/21) ...
  Generating static pages using 3 workers (5/21) 
  Generating static pages using 3 workers (10/21) 
  Generating static pages using 3 workers (15/21) 
node.exe : Error occurred prerendering page "/portal/signup". Read 
more: https://nextjs.org/docs/messages/prerender-error
At line:1 char:1
+ & "C:\Program Files\nodejs/node.exe" "C:\Program 
Files\nodejs/node_mo ...
+ ~~~~~~~~~~~~~~~~~~~~~~~~~~~~~~~~~~~~~~~~~~~~~~~~~~~~~~~~~~~~~~~~~~~~~
    + CategoryInfo          : NotSpecified: (Error occurred ...prerend 
   er-error:String) [], RemoteException
    + FullyQualifiedErrorId : NativeCommandError
 
Error: Event handlers cannot be passed to Client Component props.
  {type: "button", onClick: function onClick, className: ..., style: 
..., children: ...}
                            ^^^^^^^^^^^^^^^^
If you need interactivity, consider converting part of this to a 
Client Component.
    at stringify (<anonymous>) {
  digest: '2172168841'
}
Export encountered an error on /portal/signup/page: /portal/signup, 
exiting the build.
Γ¿» Next.js build worker exited with code: 1 and signal: null
